{
  "classification": {
    "description": "Insufficient history for YoY calculation — showing latest level only",
    "label": "normal"
  },
  "m2_level_cny_billion": 3492.2,
  "period": "2026-02",
  "summary": "China M2: 3492B CNY (2026-02) [INSUFFICIENT_HISTORY — YoY unavailable, need 13+ months].",
  "yoy_change_pct": null
}